<?xml version="1.0" encoding="UTF-8"?>
<testsuites name="jest tests" tests="4" failures="0" errors="0" time="4.751">
  <testsuite name="Categories" errors="0" failures="0" skipped="0" timestamp="2023-12-27T02:09:03" time="4.7" tests="4">
    <testcase classname="Categories GET /categories" name="Categories GET /categories" time="0.664">
    </testcase>
    <testcase classname="Categories Create Categories POST /categories" name="Categories Create Categories POST /categories" time="0.406">
    </testcase>
    <testcase classname="Categories Update Categories PUT /categories/id" name="Categories Update Categories PUT /categories/id" time="0.394">
    </testcase>
    <testcase classname="Categories Delete Categories DELETE /categories" name="Categories Delete Categories DELETE /categories" time="0.4">
    </testcase>
  </testsuite>
</testsuites>